]0;~/Dropbox/Research/Tools/Cunliffe_BCA_Calc[?1034hJoshuaHarrisMBP:Cunliffe_BCA_Calc joshua_harris$ [KJoshuaHarrisMBP:Cunliffe_BCA_Calc joshua_harris$ pwd
/Users/joshua_harris/Dropbox/Research/Tools/Cunliffe_BCA_Calc
]0;~/Dropbox/Research/Tools/Cunliffe_BCA_CalcJoshuaHarrisMBP:Cunliffe_BCA_Calc joshua_harris$ ls
Cunliffe_BCA_Calc.Rproj	Data			Input_DF_Template.csv	Scripts			Test_Data
]0;~/Dropbox/Research/Tools/Cunliffe_BCA_CalcJoshuaHarrisMBP:Cunliffe_BCA_Calc joshua_harris$ lm[K[Kmv Scripts/test.r[KR Scripts/template.R
]0;~/Dropbox/Research/Tools/Cunliffe_BCA_CalcJoshuaHarrisMBP:Cunliffe_BCA_Calc joshua_harris$ .
bash: .: filename argument required
.: usage: . filename [arguments]
]0;~/Dropbox/Research/Tools/Cunliffe_BCA_CalcJoshuaHarrisMBP:Cunliffe_BCA_Calc joshua_harris$ git remote add origin https://github.com/JoshuaHarris391/BCA_Calculation.git
fatal: not a git repository (or any of the parent directories): .git
]0;~/Dropbox/Research/Tools/Cunliffe_BCA_CalcJoshuaHarrisMBP:Cunliffe_BCA_Calc joshua_harris$ git init
Initialized empty Git repository in /Users/joshua_harris/Dropbox/Research/Tools/Cunliffe_BCA_Calc/.git/
]0;~/Dropbox/Research/Tools/Cunliffe_BCA_CalcJoshuaHarrisMBP:Cunliffe_BCA_Calc joshua_harris$ git remote add origin https://github.com/JoshuaHarris391/BCA_Calculation.git
]0;~/Dropbox/Research/Tools/Cunliffe_BCA_CalcJoshuaHarrisMBP:Cunliffe_BCA_Calc joshua_harris$ git push -u origin master
error: src refspec master does not match any.
[31merror: failed to push some refs to 'https://github.com/JoshuaHarris391/BCA_Calculation.git'
[m]0;~/Dropbox/Research/Tools/Cunliffe_BCA_CalcJoshuaHarrisMBP:Cunliffe_BCA_Calc joshua_harris$ git status
On branch master

No commits yet

Untracked files:
  (use "git add <file>..." to include in what will be committed)

	[31m.DS_Store[m
	[31m.EXP_85_20191016_std_curve.jpeg[m
	[31m.Rproj.user/[m
	[31mCunliffe_BCA_Calc.Rproj[m
	[31mEXP_85_20191016/[m
	[31mInput_DF.csv[m
	[31mScripts/[m

nothing added to commit but untracked files present (use "git add" to track)
]0;~/Dropbox/Research/Tools/Cunliffe_BCA_CalcJoshuaHarrisMBP:Cunliffe_BCA_Calc joshua_harris$ git add .
warning: CRLF will be replaced by LF in EXP_85_20191016/EXP_85_20191016_Input_DF.csv.
The file will have its original line endings in your working directory
]0;~/Dropbox/Research/Tools/Cunliffe_BCA_CalcJoshuaHarrisMBP:Cunliffe_BCA_Calc joshua_harris$ git push -u origin master[K[K[K[K[K[K[K[K[K[K[K[K[K[K[K[K[K[K[K[K[Kcommit 0m [K[K[K-m ""f"i"r"s"t" "c"o"m"m"i"t"
[master (root-commit) c70ac56] first commit
 38 files changed, 1375 insertions(+)
 create mode 100644 .DS_Store
 create mode 100644 .EXP_85_20191016_std_curve.jpeg
 create mode 100644 .Rproj.user/795BD064/console06/282DE46A
 create mode 100644 .Rproj.user/795BD064/console06/282DE46A.env
 create mode 100644 .Rproj.user/795BD064/console06/INDEX001
 create mode 100644 .Rproj.user/795BD064/sources/prop/AB782299
 create mode 100644 .Rproj.user/795BD064/sources/prop/B23B25BF
 create mode 100644 .Rproj.user/795BD064/sources/prop/INDEX
 create mode 100644 .Rproj.user/795BD064/sources/s-F1D57C16/68B7EE06
 create mode 100644 .Rproj.user/795BD064/sources/s-F1D57C16/68B7EE06-contents
 create mode 100644 .Rproj.user/795BD064/sources/s-F1D57C16/A2F2D182
 create mode 100644 .Rproj.user/795BD064/sources/s-F1D57C16/A2F2D182-contents
 create mode 100644 .Rproj.user/795BD064/sources/s-F1D57C16/BDA06C8E-contents
 create mode 100644 .Rproj.user/795BD064/sources/s-F1D57C16/DB7EC2DA
 create mode 100644 .Rproj.user/795BD064/sources/s-F1D57C16/DB7EC2DA-contents
 create mode 100644 .Rproj.user/795BD064/sources/s-F1D57C16/DF01247F
 create mode 100644 .Rproj.user/795BD064/sources/s-F1D57C16/DF01247F-contents
 create mode 100644 .Rproj.user/795BD064/sources/s-F1D57C16/E261CD39
 create mode 100644 .Rproj.user/795BD064/sources/s-F1D57C16/E261CD39-contents
 create mode 100644 .Rproj.user/795BD064/sources/s-F1D57C16/E741A086
 create mode 100644 .Rproj.user/795BD064/sources/s-F1D57C16/E741A086-contents
 create mode 100644 .Rproj.user/795BD064/sources/s-F1D57C16/E77E629
 create mode 100644 .Rproj.user/795BD064/sources/s-F1D57C16/E77E629-contents
 create mode 100644 .Rproj.user/795BD064/sources/s-F1D57C16/EC20F3CB-contents
 create mode 100644 .Rproj.user/795BD064/sources/s-F1D57C16/lock_file
 create mode 100644 .Rproj.user/shared/notebooks/patch-chunk-names
 create mode 100644 .Rproj.user/shared/notebooks/paths
 create mode 100644 Cunliffe_BCA_Calc.Rproj
 create mode 100644 EXP_85_20191016/EXP_85_20191016_BCA_Sample_Conc.csv
 create mode 100644 EXP_85_20191016/EXP_85_20191016_Input_DF.csv
 create mode 100644 EXP_85_20191016/EXP_85_20191016_Raw_Test.xls
 create mode 100644 EXP_85_20191016/EXP_85_20191016_std_curve.jpeg
 create mode 100644 Input_DF.csv
 create mode 100644 Scripts/EXP_85_20191016_BCA_Sample_Conc.csv
 create mode 100644 Scripts/EXP_85_20191016_std_curve.jpeg
 create mode 100644 Scripts/template.R
 create mode 100644 Scripts/template.html
 create mode 100644 Scripts/test.html
]0;~/Dropbox/Research/Tools/Cunliffe_BCA_CalcJoshuaHarrisMBP:Cunliffe_BCA_Calc joshua_harris$ git push -u origin master
Enumerating objects: 39, done.
Counting objects:   2% (1/39)   Counting objects:   5% (2/39)   Counting objects:   7% (3/39)   Counting objects:  10% (4/39)   Counting objects:  12% (5/39)   Counting objects:  15% (6/39)   Counting objects:  17% (7/39)   Counting objects:  20% (8/39)   Counting objects:  23% (9/39)   Counting objects:  25% (10/39)   Counting objects:  28% (11/39)   Counting objects:  30% (12/39)   Counting objects:  33% (13/39)   Counting objects:  35% (14/39)   Counting objects:  38% (15/39)   Counting objects:  41% (16/39)   Counting objects:  43% (17/39)   Counting objects:  46% (18/39)   Counting objects:  48% (19/39)   Counting objects:  51% (20/39)   Counting objects:  53% (21/39)   Counting objects:  56% (22/39)   Counting objects:  58% (23/39)   Counting objects:  61% (24/39)   Counting objects:  64% (25/39)   Counting objects:  66% (26/39)   Counting objects:  69% (27/39)   Counting objects:  71% (28/39)   Counting objects:  74% (29/39)   Counting objects:  76% (30/39)   Counting objects:  79% (31/39)   Counting objects:  82% (32/39)   Counting objects:  84% (33/39)   Counting objects:  87% (34/39)   Counting objects:  89% (35/39)   Counting objects:  92% (36/39)   Counting objects:  94% (37/39)   Counting objects:  97% (38/39)   Counting objects: 100% (39/39)   Counting objects: 100% (39/39), done.
Delta compression using up to 12 threads
Compressing objects:   2% (1/36)   Compressing objects:   5% (2/36)   Compressing objects:   8% (3/36)   Compressing objects:  11% (4/36)   Compressing objects:  13% (5/36)   Compressing objects:  16% (6/36)   Compressing objects:  19% (7/36)   Compressing objects:  22% (8/36)   Compressing objects:  25% (9/36)   Compressing objects:  27% (10/36)   Compressing objects:  30% (11/36)   Compressing objects:  33% (12/36)   Compressing objects:  36% (13/36)   Compressing objects:  38% (14/36)   Compressing objects:  41% (15/36)   Compressing objects:  44% (16/36)   Compressing objects:  47% (17/36)   Compressing objects:  50% (18/36)   Compressing objects:  52% (19/36)   Compressing objects:  55% (20/36)   Compressing objects:  58% (21/36)   Compressing objects:  61% (22/36)   Compressing objects:  63% (23/36)   Compressing objects:  66% (24/36)   Compressing objects:  69% (25/36)   Compressing objects:  72% (26/36)   Compressing objects:  75% (27/36)   Compressing objects:  77% (28/36)   Compressing objects:  80% (29/36)   Compressing objects:  83% (30/36)   Compressing objects:  86% (31/36)   Compressing objects:  88% (32/36)   Compressing objects:  91% (33/36)   Compressing objects:  94% (34/36)   Compressing objects:  97% (35/36)   Compressing objects: 100% (36/36)   Compressing objects: 100% (36/36), done.
Writing objects:   2% (1/39)   Writing objects:   5% (2/39)   Writing objects:  10% (4/39)   Writing objects:  12% (5/39)   Writing objects:  15% (6/39)   Writing objects:  17% (7/39)   Writing objects:  20% (8/39)   Writing objects:  23% (9/39)   Writing objects:  25% (10/39)   Writing objects:  28% (11/39)   Writing objects:  30% (12/39)   Writing objects:  33% (13/39)   Writing objects:  35% (14/39)   Writing objects:  38% (15/39)   Writing objects:  41% (16/39)   Writing objects:  43% (17/39)   Writing objects:  48% (19/39)   Writing objects:  51% (20/39)   Writing objects:  53% (21/39)   Writing objects:  56% (22/39)   Writing objects:  58% (23/39)   Writing objects:  64% (25/39)   Writing objects:  66% (26/39)   Writing objects:  69% (27/39)   Writing objects:  71% (28/39)   Writing objects:  74% (29/39)   Writing objects:  76% (30/39)   Writing objects:  79% (31/39)   Writing objects:  84% (33/39)   Writing objects:  87% (34/39)   Writing objects:  89% (35/39)   Writing objects:  92% (36/39)   Writing objects:  94% (37/39)   Writing objects: 100% (39/39)   Writing objects: 100% (39/39), 449.57 KiB | 4.36 MiB/s, done.
Total 39 (delta 9), reused 0 (delta 0)
remote: Resolving deltas:   0% (0/9)[Kremote: Resolving deltas:  11% (1/9)[Kremote: Resolving deltas:  66% (6/9)[Kremote: Resolving deltas:  77% (7/9)[Kremote: Resolving deltas:  88% (8/9)[Kremote: Resolving deltas: 100% (9/9)[Kremote: Resolving deltas: 100% (9/9), done.[K
To https://github.com/JoshuaHarris391/BCA_Calculation.git
 * [new branch]      master -> master
Branch 'master' set up to track remote branch 'master' from 'origin'.
]0;~/Dropbox/Research/Tools/Cunliffe_BCA_CalcJoshuaHarrisMBP:Cunliffe_BCA_Calc joshua_harris$ clear
[H[2J]0;~/Dropbox/Research/Tools/Cunliffe_BCA_CalcJoshuaHarrisMBP:Cunliffe_BCA_Calc joshua_harris$ c[Kecho ""#" "[C[K[K[K[K[K[K[K[K[Kgit status
On branch master
Your branch is up to date with 'origin/master'.

Changes not staged for commit:
  (use "git add <file>..." to update what will be committed)
  (use "git checkout -- <file>..." to discard changes in working directory)

	[31mmodified:   .Rproj.user/795BD064/console06/282DE46A[m

no changes added to commit (use "git add" and/or "git commit -a")
]0;~/Dropbox/Research/Tools/Cunliffe_BCA_CalcJoshuaHarrisMBP:Cunliffe_BCA_Calc joshua_harris$ git pull orign[K[Kgin master
From https://github.com/JoshuaHarris391/BCA_Calculation
 * branch            master     -> FETCH_HEAD
Already up to date.
]0;~/Dropbox/Research/Tools/Cunliffe_BCA_CalcJoshuaHarrisMBP:Cunliffe_BCA_Calc joshua_harris$ ls
Cunliffe_BCA_Calc.Rproj	EXP_85_20191016		Input_DF.csv		Scripts
]0;~/Dropbox/Research/Tools/Cunliffe_BCA_CalcJoshuaHarrisMBP:Cunliffe_BCA_Calc joshua_harris$ echo ""#" "S"c"r"i"p"t" "t"h"a"t" "c"a"l"c"u"l"a"t"e"s" "p"r"o"t"e"i"n" "s"a"m"p"l"e" "c"o"n"c"e"n"t"r"a"t"i"o"n" "f"r"o"m" "s"t"a"n"d"a"r"d" "c"u"r"v"e" "u"s"i"n"g" "t"h"e" "C"u"n"l"i"f"f"e" "L"a"b" "p"r"o"t"o"c" [A[C[C[C[C[C[C[C[C[C[C[C[C[C[C[C[C[C[C[C[C[C[C[C[C[C[C[C[C[C[C[C[C[C[C[C[C[C[C[C[C[C[C[C[C[C[C[C[C[C[C[C[C[C[C[C[C[C[C[C[C[C[C[C[C[C[C[C[C[C[C[C[C[C[C[C[C[C[C[C[C[C[C[C[C[C[C[C[C[C[C[C[C[C[C[C[C[C[C[C[C[C[C[C[C[C[C[C[C[C[C[C[C[C[C[C[C[C[C[C[C[C[C[C[C[C[C[C[C[C[C[C[C[C[C[C[C[C[C[C[C[C[C[C[C[C[C[C[C[C[C[C[C[C[C[C[C[Co""l"s"[C >> README.M[Kmd
]0;~/Dropbox/Research/Tools/Cunliffe_BCA_CalcJoshuaHarrisMBP:Cunliffe_BCA_Calc joshua_harris$ ls
Cunliffe_BCA_Calc.Rproj	EXP_85_20191016		Input_DF.csv		README.md		Scripts
]0;~/Dropbox/Research/Tools/Cunliffe_BCA_CalcJoshuaHarrisMBP:Cunliffe_BCA_Calc joshua_harris$ git status
On branch master
Your branch is up to date with 'origin/master'.

Changes not staged for commit:
  (use "git add <file>..." to update what will be committed)
  (use "git checkout -- <file>..." to discard changes in working directory)

	[31mmodified:   .Rproj.user/795BD064/console06/282DE46A[m

Untracked files:
  (use "git add <file>..." to include in what will be committed)

	[31mREADME.md[m

no changes added to commit (use "git add" and/or "git commit -a")
]0;~/Dropbox/Research/Tools/Cunliffe_BCA_CalcJoshuaHarrisMBP:Cunliffe_BCA_Calc joshua_harris$ git add .