]0;~/Dropbox/Research/Tools/Cunliffe_BCA_Calc[?1034hJoshuaHarrisMBP:Cunliffe_BCA_Calc joshua_harris$ [KJoshuaHarrisMBP:Cunliffe_BCA_Calc joshua_harris$ pwd
/Users/joshua_harris/Dropbox/Research/Tools/Cunliffe_BCA_Calc
]0;~/Dropbox/Research/Tools/Cunliffe_BCA_CalcJoshuaHarrisMBP:Cunliffe_BCA_Calc joshua_harris$ ls
Cunliffe_BCA_Calc.Rproj	Data			Input_DF_Template.csv	Scripts			Test_Data
]0;~/Dropbox/Research/Tools/Cunliffe_BCA_CalcJoshuaHarrisMBP:Cunliffe_BCA_Calc joshua_harris$ lm[K[Kmv Scripts/test.r[KR Scripts/template.R
]0;~/Dropbox/Research/Tools/Cunliffe_BCA_CalcJoshuaHarrisMBP:Cunliffe_BCA_Calc joshua_harris$ .
bash: .: filename argument required
.: usage: . filename [arguments]
]0;~/Dropbox/Research/Tools/Cunliffe_BCA_CalcJoshuaHarrisMBP:Cunliffe_BCA_Calc joshua_harris$ git remote add origin https://github.com/JoshuaHarris391/BCA_Calculation.git
fatal: not a git repository (or any of the parent directories): .git
]0;~/Dropbox/Research/Tools/Cunliffe_BCA_CalcJoshuaHarrisMBP:Cunliffe_BCA_Calc joshua_harris$ git init
Initialized empty Git repository in /Users/joshua_harris/Dropbox/Research/Tools/Cunliffe_BCA_Calc/.git/
]0;~/Dropbox/Research/Tools/Cunliffe_BCA_CalcJoshuaHarrisMBP:Cunliffe_BCA_Calc joshua_harris$ git remote add origin https://github.com/JoshuaHarris391/BCA_Calculation.git
]0;~/Dropbox/Research/Tools/Cunliffe_BCA_CalcJoshuaHarrisMBP:Cunliffe_BCA_Calc joshua_harris$ git push -u origin master
error: src refspec master does not match any.
[31merror: failed to push some refs to 'https://github.com/JoshuaHarris391/BCA_Calculation.git'
[m]0;~/Dropbox/Research/Tools/Cunliffe_BCA_CalcJoshuaHarrisMBP:Cunliffe_BCA_Calc joshua_harris$ git status
On branch master

No commits yet

Untracked files:
  (use "git add <file>..." to include in what will be committed)

	[31m.DS_Store[m
	[31m.EXP_85_20191016_std_curve.jpeg[m
	[31m.Rproj.user/[m
	[31mCunliffe_BCA_Calc.Rproj[m
	[31mEXP_85_20191016/[m
	[31mInput_DF.csv[m
	[31mScripts/[m

nothing added to commit but untracked files present (use "git add" to track)
]0;~/Dropbox/Research/Tools/Cunliffe_BCA_CalcJoshuaHarrisMBP:Cunliffe_BCA_Calc joshua_harris$ git add .
